2026/08/19 11:32:49 exclusive loader lock acquired: /run/waf-sklookup/loader.lock
2026/08/19 11:32:49 loaded desired ports from /tmp/waf-sdd002/work/ports.conf
2026/08/19 11:32:49 sk_lookup attached to current netns
2026/08/19 11:32:49 pinned BPF objects under /tmp/waf-sdd002/bpffs/pin (maps, dispatch program, netns link)
2026/08/19 11:32:49 dataplane identity: prog id=72 tag=54d365048953e520
2026/08/19 11:32:49 openresty mode: product path is one internal listen (127.0.0.1:18080); sk_lookup does not classify HTTP vs TLS
2026/08/19 11:32:49 waiting for listen socket on 127.0.0.1:18080 (timeout 60s)
2026/08/19 11:32:49 discovered listen socket inode=69758 owned by pid=18842 for 127.0.0.1:18080
2026/08/19 11:32:49 registered listening socket fd=15 in redir_socket[0] (group 0, shard 0)
2026/08/19 11:32:49 registered listening socket fd=17 in redir_socket[1] (group 0, shard 1)
2026/08/19 11:32:49 registered listening socket fd=19 in redir_socket[2] (group 0, shard 2)
2026/08/19 11:32:49 registered listening socket fd=21 in redir_socket[3] (group 0, shard 3)
2026/08/19 11:32:49 registered 4 listen shard(s) for 127.0.0.1:18080 in group 0 (inodes [69758, 68216, 52191, 68215])
2026/08/19 11:32:49 opened steered port 18181 → redir group 0 (4 shard(s)); no userspace bind on that port
======== OPENRESTY P1 READY ========
Product: sk_lookup steers external ports to a fixed internal listen.
Tengine https_allow_http: that one listen accepts HTTP and TLS.
Stock 1.19.3.2: no https_allow_http; -tls-ports is a labeled fallback.
Internal HTTP: curl -sS http://127.0.0.1:18080/
Steered HTTP:  curl -sS http://127.0.0.1:18181/
Default responses omit X-Waf-External-Port; access_log still has $waf_external_port.
Expose header: WAF_EXPOSE_EXTERNAL_PORT=1 (restart OpenResty).
M2 ctl: sudo $LOADER_BIN add|remove|list|bulk  (no OpenResty reload)
Close:  sudo $LOADER_BIN remove 18081
Reopen: sudo $LOADER_BIN add 18081
Legacy: sudo $LOADER_BIN -mode close-port -ports 18081
Ctrl+C to stop the loader (OpenResty keeps running).
====================================
2026/08/19 11:32:49 runtime reservation manifest generation=1c49403cba44654a endpoints=3
2026/08/19 11:32:49 desired-state reconcile: put=0 delete=0 shards=4 file=/tmp/waf-sdd002/work/ports.conf
2026/08/19 11:32:49 metrics exporter listening on http://127.0.0.1:19104/metrics
2026/08/19 11:32:49 OpenResty worker health rescan interval=200ms (SIGUSR1 triggers an immediate rescan)
2026/08/19 11:32:49 control socket listening path=/tmp/waf-sdd002/work/ctl.sock mode=0660
added n=1 slot=0 (primary) elapsed=7µs method=batch
2026/08/19 11:32:49 audit uid=0 gid=0 pid=18868 op=add tenant=acme site=www ports=19120 ok=true
added n=1 slot=0 (primary) elapsed=4µs method=batch
2026/08/19 11:32:49 audit uid=0 gid=0 pid=18869 op=add tenant=acme site=www ports=19121 ok=true
added n=1 slot=0 (primary) elapsed=4µs method=batch
2026/08/19 11:32:49 audit uid=0 gid=0 pid=18871 op=add tenant=acme site=www ports=19123 ok=true
added n=1 slot=0 (primary) elapsed=4µs method=batch
2026/08/19 11:32:49 audit uid=0 gid=0 pid=18870 op=add tenant=acme site=www ports=19122 ok=true
added n=1 slot=0 (primary) elapsed=3µs method=batch
2026/08/19 11:32:49 audit uid=0 gid=0 pid=18872 op=add tenant=acme site=www ports=19124 ok=true
added n=1 slot=0 (primary) elapsed=3µs method=batch
2026/08/19 11:32:49 audit uid=0 gid=0 pid=18873 op=add tenant=acme site=www ports=19125 ok=true
added n=1 slot=0 (primary) elapsed=3µs method=batch
2026/08/19 11:32:49 audit uid=0 gid=0 pid=18875 op=add tenant=acme site=www ports=19127 ok=true
added n=1 slot=0 (primary) elapsed=4µs method=batch
2026/08/19 11:32:49 audit uid=0 gid=0 pid=18874 op=add tenant=acme site=www ports=19126 ok=true
2026/08/19 11:32:49 shutting down loader (OpenResty keeps running)
