nginx version: openresty/1.19.3.2
########## P0-1 短连接 CPS + TLS 握手风暴 / 同口双协议 ##########
=== P0-1 CPS + TLS handshake storm (same-port dual HTTP+HTTPS) ===
nginx version: openresty/1.19.3.2
--- dual protocol smoke ---
OpenResty M1 OK
waf_external_port=18081
server_port=8080
scheme=http
remote_addr=127.0.0.1
OpenResty M1 OK
waf_external_port=18081
server_port=8080
scheme=https
remote_addr=127.0.0.1
PASS: same port :18081 HTTP+HTTPS (scheme ok)
DUAL_RESULT=通过
--- short-conn HTTP CPS (httpbench DisableKeepAlives) ---
RESULT label=p0-cps-http mode=short url=http://127.0.0.1:18081/ c=50 d=5s wall=5.171s ok=3234 fail=0 total=3234 rps=625.3 p50_us=80680 p90_us=127686 p99_us=155444 max_us=183544 bytes=294294
--- TLS handshake storm (openssl s_time -new) ---
Collecting connection statistics for 5 seconds
*******************************************************************************************************************************************************************************************************************************************************************************************************************************************************************************************************************************************************************************************************************************************************************************************************************************************************************************************************************************************************************************************************************************************************************************************************************************************************************************************************************************************************************************************************************************************************************************************************************************************

1195 connections in 0.85s; 1405.88 connections/user sec, bytes read 287995
1195 connections in 6 real seconds, 241 bytes read per connection

### P0-1 summary table
| 项 | 测了什么 | 结果 |
|----|----------|------|
| dual-proto | same port :18081 curl http + curl -k https | 通过 |
| http-cps | short-conn HTTP rps=625.3 p99_us=155444 ok=3234 fail=0 | 通过 |
| tls-hs-storm | openssl s_time -new 1195 connections in 0.85s; 1405.88 connections/user sec, bytes read 287995 | 通过 |
>>> P0-1 => 通过 (rc=0)
########## P0-2 长连接吞吐+P99 直连 vs sk_lookup ##########
=== P0-2 long-conn throughput + P99 (direct vs sk_lookup) ===
nginx version: openresty/1.19.3.2
--- leg A: direct internal HTTP ---
RESULT label=A-direct-http mode=keepalive url=http://127.0.0.1:8080/ c=50 d=5s wall=5.175s ok=1610 fail=0 total=1610 rps=311.1 p50_us=131753 p90_us=179038 p99_us=1655852 max_us=3816996 bytes=144900
--- leg A: direct internal HTTPS (HAH same :8080) ---
RESULT label=A-direct-https mode=keepalive url=https://127.0.0.1:8080/ c=50 d=5s wall=5.182s ok=1427 fail=0 total=1427 rps=275.4 p50_us=179294 p90_us=206619 p99_us=227819 max_us=237611 bytes=129857
--- leg B: sk_lookup steered HTTP :18081 ---
RESULT label=B-sklookup-http mode=keepalive url=http://127.0.0.1:18081/ c=50 d=5s wall=5.129s ok=1776 fail=0 total=1776 rps=346.2 p50_us=115433 p90_us=131411 p99_us=1668891 max_us=3597921 bytes=161616
--- leg B: sk_lookup steered HTTPS :18081 ---
RESULT label=B-sklookup-https mode=keepalive url=https://127.0.0.1:18081/ c=50 d=5s wall=5.181s ok=1431 fail=0 total=1431 rps=276.2 p50_us=185259 p90_us=203472 p99_us=211831 max_us=219215 bytes=131652

### P0-2 comparison table
| leg | protocol | target | rps | p99_us | ok | 结果 |
|-----|----------|--------|-----|--------|----|------|
| A direct | HTTP | 127.0.0.1:8080 | 311.1 | 1655852 | 1610 | 通过 |
| A direct | HTTPS | 127.0.0.1:8080 | 275.4 | 227819 | 1427 | 通过 |
| B sk_lookup | HTTP | 127.0.0.1:18081 | 346.2 | 1668891 | 1776 | 通过 |
| B sk_lookup | HTTPS | 127.0.0.1:18081 | 276.2 | 211831 | 1431 | 通过 |

| 项 | 测了什么 | 结果 |
|----|----------|------|
| long-http | keepalive A rps=311.1 p99=1655852 vs B rps=346.2 p99=1668891 | 通过 |
| long-https | keepalive A rps=275.4 p99=227819 vs B rps=276.2 p99=211831 | 通过 |
>>> P0-2 => 通过 (rc=0)
########## P0-3 Loader kill/unload/restart + map rebuild ##########
=== P0-3 loader lifecycle (kill → fail → restart → recover) ===
nginx version: openresty/1.19.3.2
certs already present: /workspace/waf-sklookup-demo/openresty/certs/demo.crt /workspace/waf-sklookup-demo/openresty/certs/demo.key (FORCE=1 to regenerate)
Using nginx conf: openresty/nginx.tengine-https-allow-http.conf.example
nginx: the configuration file /tmp/waf-sklookup-m1/conf/nginx.conf syntax is ok
nginx: configuration file /tmp/waf-sklookup-m1/conf/nginx.conf test is successful
OpenResty started (local) nginx version: openresty/1.19.3.2 prefix=/tmp/waf-sklookup-m1/runtime config=/tmp/waf-sklookup-m1/conf/nginx.conf expose=off
Compiled /workspace/waf-sklookup-demo/dispatch_bpfel.o
Wrote /workspace/waf-sklookup-demo/dispatch_bpfel.go
Compiled /workspace/waf-sklookup-demo/dispatch_bpfeb.o
Wrote /workspace/waf-sklookup-demo/dispatch_bpfeb.go
Loader PID 255539
Run './run-openresty-demo.sh verify' to check steered HTTP/HTTPS ports.
Default: X-Waf-External-Port is hidden. Restart with WAF_EXPOSE_EXTERNAL_PORT=1 to expose it.
--- baseline curl ---
OpenResty M1 OK
waf_external_port=18081
server_port=8080
scheme=http
remote_addr=127.0.0.1
--- observability before kill ---
ss (internal listens):
LISTEN 0      511        127.0.0.1:8080       0.0.0.0:*    users:(("openresty",pid=255320,fd=8),("openresty",pid=255319,fd=8))
bpftool open_ports:
213: hash  name open_ports  flags 0x0
	key 2B  value 1B  max_entries 131072  memlock 10487488B
	btf_id 194
pin dir:
total 0
drwxr-xr-x 2 root root 0 Aug 13 00:28 .
drwxrwxrwt 3 root root 0 Aug 13 00:28 ..
-rw------- 1 root root 0 Aug 13 00:28 open_ports
-rw------- 1 root root 0 Aug 13 00:28 redir_socket
loader.pid=255539
loader.log tail:
Close:  sudo ./waf-sklookup-demo remove 18081
Reopen: sudo ./waf-sklookup-demo add 18081
Legacy: sudo ./waf-sklookup-demo -mode close-port -ports 18081
Ctrl+C to stop the loader (OpenResty keeps running).
====================================
--- kill loader ---
--- failure mode after kill (expect curl fail or wrong) ---
curl_rc=7 http_code=000
curl: (7) Failed to connect to 127.0.0.1 port 18081 after 0 ms: Could not connect to server
FAIL_MODE_RESULT=通过 (curl failed or non-200 as expected (rc=7 code=000))
--- pin/map after kill ---
(pin gone or empty — OK)
(no open_ports map or gone)
--- restart loader via run-openresty-demo start ---
certs already present: /workspace/waf-sklookup-demo/openresty/certs/demo.crt /workspace/waf-sklookup-demo/openresty/certs/demo.key (FORCE=1 to regenerate)
Using nginx conf: openresty/nginx.tengine-https-allow-http.conf.example
nginx: the configuration file /tmp/waf-sklookup-m1/conf/nginx.conf syntax is ok
nginx: configuration file /tmp/waf-sklookup-m1/conf/nginx.conf test is successful
OpenResty started (local) nginx version: openresty/1.19.3.2 prefix=/tmp/waf-sklookup-m1/runtime config=/tmp/waf-sklookup-m1/conf/nginx.conf expose=off
Compiled /workspace/waf-sklookup-demo/dispatch_bpfel.o
Wrote /workspace/waf-sklookup-demo/dispatch_bpfel.go
Compiled /workspace/waf-sklookup-demo/dispatch_bpfeb.o
Wrote /workspace/waf-sklookup-demo/dispatch_bpfeb.go
Loader PID 255837
Run './run-openresty-demo.sh verify' to check steered HTTP/HTTPS ports.
Default: X-Waf-External-Port is hidden. Restart with WAF_EXPOSE_EXTERNAL_PORT=1 to expose it.
--- verify map re-pin ---
217: hash  name open_ports  flags 0x0
	key 2B  value 1B  max_entries 131072  memlock 10487488B
	btf_id 203
total 0
drwxr-xr-x 2 root root 0 Aug 13 00:28 .
drwxrwxrwt 3 root root 0 Aug 13 00:28 ..
-rw------- 1 root root 0 Aug 13 00:28 open_ports
-rw------- 1 root root 0 Aug 13 00:28 redir_socket
--- curl recover ---
OpenResty M1 OK
waf_external_port=18081
server_port=8080
scheme=http
remote_addr=127.0.0.1
OpenResty M1 OK
waf_external_port=18081
server_port=8080
scheme=https
remote_addr=127.0.0.1

### P0-3 summary table
| 项 | 测了什么 | 结果 |
|----|----------|------|
| kill-fail-mode | curl failed or non-200 as expected (rc=7 code=000) | 通过 |
| map-repin | bpftool/pin after restart | 通过 |
| curl-recover-http | HTTP :18081 after restart | 通过 |
| curl-recover-https | HTTPS :18081 after restart | 通过 |
| observability | loader.log + bpftool + ss documented above | 通过 |
>>> P0-3 => 通过 (rc=0)
########## P0-4 热加删 ~10k 端口 + P99 采样 ##########
=== P0-4 hot add/remove ~10000 ports under light traffic ===
nginx version: openresty/1.19.3.2
--- sample BEFORE ---
RESULT label=before mode=keepalive url=http://127.0.0.1:18081/ c=50 d=5s wall=5.123s ok=1905 fail=0 total=1905 rps=371.8 p50_us=123806 p90_us=129307 p99_us=807566 max_us=2913948 bytes=173355
--- start light background traffic ---
--- bulk open 10000 ports 20000-29999 ---
add 4096/10000 (41.0%) elapsed=1ms rate=3481794/s
add 8192/10000 (81.9%) elapsed=2ms rate=3634673/s
add 10000/10000 (100.0%) elapsed=3ms rate=3683142/s
added n=10000 slot=0 (primary) elapsed=3ms method=batch
bulk_open_ms=15
count=10003
--- sample DURING (after open, before close) ---
RESULT label=during mode=keepalive url=http://127.0.0.1:18081/ c=50 d=5s wall=5.165s ok=1913 fail=0 total=1913 rps=370.3 p50_us=117757 p90_us=158982 p99_us=917110 max_us=2963938 bytes=174083
--- probe hot port :20100 ---
OpenResty M1 OK
waf_external_port=20100
server_port=8080
scheme=http
remote_addr=127.0.0.1
--- bulk close half 20000-24999 ---
remove 4096/5000 (81.9%) elapsed=2ms rate=1772251/s
remove 5000/5000 (100.0%) elapsed=3ms rate=1944795/s
removed n=5000 elapsed=3ms method=batch
bulk_close_half_ms=14
--- sample AFTER ---
RESULT label=after mode=keepalive url=http://127.0.0.1:18081/ c=50 d=5s wall=5.124s ok=2057 fail=0 total=2057 rps=401.4 p50_us=114047 p90_us=134739 p99_us=889239 max_us=2731587 bytes=187187

### P0-4 summary table
| phase | rps | p99_us | ok | fail |
|-------|-----|--------|----|------|
| before | 371.8 | 807566 | 1905 | 0 |
| during (after 10000 open) | 370.3 | 917110 | 1913 | 0 |
| after (closed half) | 401.4 | 889239 | 2057 | 0 |

| 项 | 测了什么 | 结果 |
|----|----------|------|
| bulk-open-10k | open 10000 ports in 15ms | 通过 |
| bulk-close-half | close 5000 ports in 14ms | 通过 |
| hot-probe | curl http://127.0.0.1:20100/ | 通过 |
| p99-under-churn | before/during/after p99_us=807566/917110/889239 rps=371.8/370.3/401.4 | 通过 |
>>> P0-4 => 通过 (rc=0)
