# M1 acceptance run log — Test (QA) for Alex Chu
# PR: https://github.com/woodyhymns/waf-sklookup-demo/pull/1
# Branch: feat/openresty-integration @ 9c1501b
# Host: Debian 13 (trixie) / Linux 6.12.94+
# Time: 2026-08-13 01:16–01:17 Asia/Shanghai (CST, UTC+8)
# Overall: PASS (M1-1…M1-5)
# NO MERGE / NO DEPLOY

## Install attempts
1. which openresty nginx docker podman nerdctl → missing
2. apt OpenResty Debian dists (bookworm/buster/stretch) → only ≥1.25; no 1.19.3.2
3. libpcre3-dev unavailable on Debian 13; source build blocked for quick path
4. Downloaded Docker Hub image openresty/openresty:1.19.3.2-bionic amd64 layers;
   extracted /usr/local/openresty (bundled pcre+openssl via RUNPATH) → SUCCESS
5. Also fetched openresty-1.19.3.2.tar.gz + pcre-8.45.tar.gz as fallback (not used for final binary)

$ openresty -v 2>&1
nginx version: openresty/1.19.3.2

$ openresty -V 2>&1 | head -4
nginx version: openresty/1.19.3.2
built by gcc 7.5.0 (Ubuntu 7.5.0-3ubuntu1~18.04)
built with OpenSSL 1.1.1k  25 Mar 2021
TLS SNI support enabled

$ uname -r
6.12.94+

$ sudo bpftool feature list_builtins prog_types | rg sk_lookup
sk_lookup

## Build / unit tests
$ export CGO_ENABLED=0 OPENRESTY_PREFIX=/usr/local/openresty
$ make build && make test
go generate ./...
go build -o waf-sklookup-demo .
go test ./...
ok  	github.com/woodyhymns/waf-sklookup-demo	0.003s
# Note: CGO_ENABLED=0 works with dispatch.bpf.c present; no rename needed.

## Start
$ ./run-openresty-demo.sh start
OpenResty started (local) nginx version: openresty/1.19.3.2 ...
Loader: sk_lookup attached; pinned /sys/fs/bpf/waf-sklookup; registered listen fd for 127.0.0.1:8080
opened steered ports 18081,18082,65500 (no userspace bind)
======== OPENRESTY M1 READY ========

## M1-1 bind check
$ ss -lntp | rg '8080|18081|18082|65500'
LISTEN 0 511 127.0.0.1:8080 0.0.0.0:* users:(("openresty",...))
# /proc/net/tcp LISTEN only port 8080
RESULT: PASS — only internal listen

## M1-2 / M1-3 curls
$ curl -sS -D- http://127.0.0.1:18081/
HTTP/1.1 200 OK
Server: openresty/1.19.3.2
X-Waf-External-Port: 18081
X-Waf-Internal-Port: 8080
OpenResty M1 OK
waf_external_port=18081
server_port=8080
remote_addr=127.0.0.1

$ curl -sS -D- http://127.0.0.1:18082/
... X-Waf-External-Port: 18082 / X-Waf-Internal-Port: 8080 / OpenResty M1 OK

$ curl -sS -D- http://127.0.0.1:65500/
... X-Waf-External-Port: 65500 / X-Waf-Internal-Port: 8080 / OpenResty M1 OK

# No "sk_lookup demo OK" toy body on any steered port
access_log: 127.0.0.1:… internal_port=8080 waf_external_port=18081/18082/65500 status=200
RESULT: M1-2 PASS, M1-3 PASS

## M1-4 close-port
$ ./run-openresty-demo.sh dump-ports
65500
18082
18081
$ ./run-openresty-demo.sh close-port 18081
closed steered port 18081
$ curl -sS --max-time 3 http://127.0.0.1:18081/
curl: (7) Failed to connect to 127.0.0.1 port 18081 ...
$ curl -sS http://127.0.0.1:18082/
HTTP/1.1 200 OK ... X-Waf-External-Port: 18082 ... OpenResty M1 OK
$ curl -sS http://127.0.0.1:65500/
HTTP/1.1 200 OK ... X-Waf-External-Port: 65500 ... OpenResty M1 OK
$ ./run-openresty-demo.sh dump-ports
65500
18082
$ sudo bpftool map dump pinned /sys/fs/bpf/waf-sklookup/open_ports
[{"key":65500,"value":1},{"key":18082,"value":1}]
RESULT: PASS

## M1-5 version
$ openresty -v
nginx version: openresty/1.19.3.2
# Response Server header matches
RESULT: PASS (exact 1.19.3.2)

## Extended (non-gating)
M1-6 N/A (HTTP-first PR)
M1-7 PASS (access_log has client IP + waf_external_port)
M1-8 N/A (no WAF rule matrix in PR)
M1-9 PASS (never-opened :18083 connect fail; closed :18081 fail)
M1-10 PASS (run-openresty-demo.sh + docs/openresty-m1.md)

## Cleanup
$ ./run-openresty-demo.sh stop
# listeners gone; /sys/fs/bpf/waf-sklookup removed; no leftover openresty/loader
RESULT: clean

## Summary
Overall: PASS
M1-1 PASS | M1-2 PASS | M1-3 PASS | M1-4 PASS | M1-5 PASS
OpenResty: openresty/1.19.3.2 @ /usr/local/openresty (from openresty/openresty:1.19.3.2-bionic layers)
Checklist: docs/acceptance-m1.md
No merge. No deploy.
